##fileformat=VCFv4.0
##FILTER=<ID=PASS,Description="All filters passed">
##INFO=<ID=DP,Number=1,Type=Integer,Description="Total Depth">
##FORMAT=<ID=GT,Number=1,Type=String,Description="Genotype">
##FORMAT=<ID=GQ,Number=1,Type=Integer,Description="Genotype Quality">
##FORMAT=<ID=DP,Number=1,Type=Integer,Description="Read Depth">
##FILTER=<ID=q10,Description="Quality below 10">
##contig=<ID=1,length=62435964>
##contig=<ID=2,length=62435964>
##FORMAT=<ID=PQ,Number=1,Type=Integer,Description="Phasing Quality (bigger is better)">
#CHROM	POS	ID	REF	ALT	QUAL	FILTER	INFO	FORMAT	A	B
1	100	.	GTTT	G	1806	q10	DP=35	GT:GQ:DP	0|1:409:35	0|1:.:.
1	110	.	C	T,G	1792	PASS	DP=32	GT:GQ:DP	0|1:245:32	0|1:.:.
1	110	.	CAAA	C	1792	PASS	DP=32	GT:GQ:DP	0|1:245:32	0|1:.:.
1	120	.	GA	G	628	q10	DP=21	GT:GQ:DP	0|1:21:21	0|1:.:.
1	130	.	G	T	1016	PASS	DP=22	GT:GQ:DP	0|1:212:22	0|1:.:.
1	130	.	GAA	GG	1016	PASS	DP=22	GT:GQ:DP	0|1:212:22	0|1:.:.
1	140	.	GT	G	727	PASS	DP=30	GT:GQ:DP	0|1:150:30	0|1:.:.
1	150	.	TAAAA	TA,T	246	PASS	DP=10	GT:GQ:DP	0|1:12:10	0|1:.:.
1	160	.	TAAAA	TA,T	246	PASS	DP=10	GT:GQ:DP	0|1:12:10	0|1:.:.
2	170	.	T	A	246	PASS	DP=10	GT	1|0	0|1
2	180	.	T	A	246	PASS	DP=10	GT	1|0	0|1
2	190	.	T	A	246	PASS	DP=10	GT	1|0	0|1
2	200	.	T	A	246	PASS	DP=10	GT	1|0	0|1
2	210	.	T	A	246	PASS	DP=10	GT	1|0	0|1
2	220	.	T	A	246	PASS	DP=10	GT	1|0	0|1
2	230	.	T	A	246	PASS	DP=10	GT	1|0	0|1
2	240	.	T	A	246	PASS	DP=10	GT	1|0	0|1
2	250	.	T	A	246	PASS	DP=10	GT	1|0	0|1
2	260	.	T	A	246	PASS	DP=10	GT	1|0	0|1
2	270	.	T	A	246	PASS	DP=10	GT	1|0	0|1
2	280	.	T	A	246	PASS	DP=10	GT	1|0	0|1
2	290	.	T	A	246	PASS	DP=10	GT	1|0	0|1
2	300	.	T	A	246	PASS	DP=10	GT	1|0	0|1
2	310	.	T	A	246	PASS	DP=10	GT:PQ	1|0:3	0|1:28
2	320	.	T	A	246	PASS	DP=10	GT	1|0	0|1
2	330	.	T	A	246	PASS	DP=10	GT	1|0	0|1
2	340	.	T	A	246	PASS	DP=10	GT	1|0	0|1
2	350	.	T	A	246	PASS	DP=10	GT	1|0	0|1
2	360	.	T	A	246	PASS	DP=10	GT	1|0	0|1
2	370	.	T	A	246	PASS	DP=10	GT	1|0	0|1
2	380	.	T	A	246	PASS	DP=10	GT	1|0	0|1
2	390	.	T	A	246	PASS	DP=10	GT	1|0	0|1
2	400	.	T	A	246	PASS	DP=10	GT:PQ	1|0:99	0|1:99
2	410	.	T	A	246	PASS	DP=10	GT	1|0	0|1
2	420	.	T	A	246	PASS	DP=10	GT	1|0	0|1
2	430	.	T	A	246	PASS	DP=10	GT	1|0	0|1
2	440	.	T	A	246	PASS	DP=10	GT	1|0	0|1
2	450	.	T	A	246	PASS	DP=10	GT	1|0	0|1
2	460	.	T	A	246	PASS	DP=10	GT	1|0	0|1
2	470	.	T	A	246	PASS	DP=10	GT	1|0	0|1
2	480	.	T	A	246	PASS	DP=10	GT	1|0	0|1
2	490	.	T	A	246	PASS	DP=10	GT	1|0	0|1
