>1:2-501
TACMAWATRTGATAAAATMAAAAAGAACATAACCTACGTATCAACTAAAGTGGTTGTTTG
MAGAAAAGGAAGACTTAAAAAGAGTCAGTACTAACCTACATAATATATACAATGTTCATT
AAATAATAAAATGAGCTCATCATACTTAGGTCATCATAAATATATCTGAAATTCACAAAT
ATTGATCAAATGGTAAAATAGACAAGTAGATTTTAATAGGTTAAACAATTACTGATTCTC
TTGAAAGAATAAATTTAATATGAGACCTATTTCATTATAATGAACTCACAAATTAGAAAC
TTCACACTGGGGGCTGGAGAGATGGCTCAGTAGTTAAGAACACTGACTGCTCTTCTGAAG
GTCCTGAGTTCAAATCCCAGCAACCACATGGTGACTTACAACCATCTGTAATGACATCTG
xxxxxxxxxxxxxxxxxxxxxxxxxxxxxxxxxxxxxxxxxxxxxxxxxxxxxxxxxxxx
TTTAAAAACAAAAAAAAAGAA
>2
xxxxxxxxxxxxxxxxxxxxxxxxxxxxxxxxxxxxxxxxxxxxxxxxxxxxxxxxxxxx
AAATTAGTGATTTTCCATATTCTTTAAGTCATTTTAGAGTAATGTGTTCTTAAGATTTCA
GAAAAACAAAAACTTGTGCTTTCCTGTTTGAAAAACAAACAGCTGTGGGGAATGGACGTA
CGTTGTCGGGACAGCCTTTTTATAAAATAATGTTGAGGCTTTGATACGTCAAAGxxxxxx
xxxxxxxxxxxxxxxxxxxxxxxxxxxxxxxxxxxxxxxxxxxxxxxxxxxxxxTTTGCT
GCTGCCAATGACAGCACACCCTGGGAATGCCCCAACTACTTACTACAAAGCAGTGTTACA
TGGAGAAGATCTTCAAGAGTCTTTTTGCTAGATCTTTCCTTGGCTTTTGATGTGACTCCT
CTCAATAAAATCCACAGTAATATAGTGAGTGGTCTCCTGCTCCAAACCAGTATTYCAGAC
ACAGTTAATCCAGAC
