1:3162000 	 A,C 	 PASS
1:3162005 	 A,C 	 PASS
1:3162006 	 A,C 	 SnpGap
1:3162007 	 A,C 	 SnpGap
1:3162007 	 AA,A 	 PASS
1:3162008 	 A,C 	 SnpGap
1:3162009 	 A,C 	 SnpGap
1:3162010 	 A,C 	 PASS
1:3162011 	 A,C 	 PASS
2:3162000 	 A,C 	 PASS
2:3162005 	 A,C 	 PASS
2:3162006 	 A,C 	 PASS
2:3162007 	 A,C 	 PASS
2:3162007 	 AA,C 	 PASS
2:3162008 	 A,C 	 PASS
2:3162009 	 A,C 	 PASS
2:3162010 	 A,C 	 PASS
2:3162011 	 A,C 	 PASS
