DCv2	A	B	2.000100e-04	5.753641e-01	1	1
DCv2	B	C	9.903588e+00	0.000000e+00	1	1
