DCv2	smpl	x1	4.951814e+01	1.351550e-01	6	6
DCv2	smpl	x2	9.904588e+00	7.931820e-01	6	6
DCv2	smpl	x3	1.000050e-03	9.518185e-01	5	5
DCv2	smpl	x4	2.971136e+01	3.662041e-01	6	6
DCv2	smpl	x5	1.200060e-03	9.634573e-01	6	6
DCv2	smpl	x6	3.961475e+01	2.310491e-01	6	6
