DCv2	smpl	x5	1.200060e-03	9.634573e-01	6	6
DCv2	smpl	x3	1.000050e-03	9.518185e-01	5	5
