##fileformat=VCFv4.1
##FILTER=<ID=PASS,Description="All filters passed">
##samtoolsVersion=WithHTSLib-0.0.0
##samtoolsCommand=samtools -uvDV -b xxx//mpileup.list -f xxx//mpileup.ref.fa.gz -r 17:1-3950
##reference=file://xxx//mpileup.ref.fa.gz
##contig=<ID=1,length=249250621>
##contig=<ID=2,length=243199373>
##contig=<ID=3,length=198022430>
##contig=<ID=4,length=191154276>
##contig=<ID=5,length=180915260>
##contig=<ID=6,length=171115067>
##contig=<ID=7,length=159138663>
##contig=<ID=8,length=146364022>
##contig=<ID=9,length=141213431>
##contig=<ID=10,length=135534747>
##contig=<ID=11,length=135006516>
##contig=<ID=12,length=133851895>
##contig=<ID=13,length=115169878>
##contig=<ID=14,length=107349540>
##contig=<ID=15,length=102531392>
##contig=<ID=16,length=90354753>
##contig=<ID=17,length=81195210>
##contig=<ID=18,length=78077248>
##contig=<ID=19,length=59128983>
##contig=<ID=20,length=63025520>
##contig=<ID=21,length=48129895>
##contig=<ID=22,length=51304566>
##contig=<ID=X,length=155270560>
##contig=<ID=Y,length=59373566>
##contig=<ID=MT,length=16569>
##contig=<ID=GL000207.1,length=4262>
##contig=<ID=GL000226.1,length=15008>
##contig=<ID=GL000229.1,length=19913>
##contig=<ID=GL000231.1,length=27386>
##contig=<ID=GL000210.1,length=27682>
##contig=<ID=GL000239.1,length=33824>
##contig=<ID=GL000235.1,length=34474>
##contig=<ID=GL000201.1,length=36148>
##contig=<ID=GL000247.1,length=36422>
##contig=<ID=GL000245.1,length=36651>
##contig=<ID=GL000197.1,length=37175>
##contig=<ID=GL000203.1,length=37498>
##contig=<ID=GL000246.1,length=38154>
##contig=<ID=GL000249.1,length=38502>
##contig=<ID=GL000196.1,length=38914>
##contig=<ID=GL000248.1,length=39786>
##contig=<ID=GL000244.1,length=39929>
##contig=<ID=GL000238.1,length=39939>
##contig=<ID=GL000202.1,length=40103>
##contig=<ID=GL000234.1,length=40531>
##contig=<ID=GL000232.1,length=40652>
##contig=<ID=GL000206.1,length=41001>
##contig=<ID=GL000240.1,length=41933>
##contig=<ID=GL000236.1,length=41934>
##contig=<ID=GL000241.1,length=42152>
##contig=<ID=GL000243.1,length=43341>
##contig=<ID=GL000242.1,length=43523>
##contig=<ID=GL000230.1,length=43691>
##contig=<ID=GL000237.1,length=45867>
##contig=<ID=GL000233.1,length=45941>
##contig=<ID=GL000204.1,length=81310>
##contig=<ID=GL000198.1,length=90085>
##contig=<ID=GL000208.1,length=92689>
##contig=<ID=GL000191.1,length=106433>
##contig=<ID=GL000227.1,length=128374>
##contig=<ID=GL000228.1,length=129120>
##contig=<ID=GL000214.1,length=137718>
##contig=<ID=GL000221.1,length=155397>
##contig=<ID=GL000209.1,length=159169>
##contig=<ID=GL000218.1,length=161147>
##contig=<ID=GL000220.1,length=161802>
##contig=<ID=GL000213.1,length=164239>
##contig=<ID=GL000211.1,length=166566>
##contig=<ID=GL000199.1,length=169874>
##contig=<ID=GL000217.1,length=172149>
##contig=<ID=GL000216.1,length=172294>
##contig=<ID=GL000215.1,length=172545>
##contig=<ID=GL000205.1,length=174588>
##contig=<ID=GL000219.1,length=179198>
##contig=<ID=GL000224.1,length=179693>
##contig=<ID=GL000223.1,length=180455>
##contig=<ID=GL000195.1,length=182896>
##contig=<ID=GL000212.1,length=186858>
##contig=<ID=GL000222.1,length=186861>
##contig=<ID=GL000200.1,length=187035>
##contig=<ID=GL000193.1,length=189789>
##contig=<ID=GL000194.1,length=191469>
##contig=<ID=GL000225.1,length=211173>
##contig=<ID=GL000192.1,length=547496>
##contig=<ID=NC_007605,length=171823>
##contig=<ID=hs37d5,length=35477943>
##INFO=<ID=INDEL,Number=0,Type=Flag,Description="Indicates that the variant is an INDEL.">
##INFO=<ID=IDV,Number=1,Type=Integer,Description="Maximum number of reads supporting an indel">
##INFO=<ID=IMF,Number=1,Type=Float,Description="Maximum fraction of reads supporting an indel">
##INFO=<ID=DP,Number=1,Type=Integer,Description="Raw read depth">
##INFO=<ID=VDB,Number=1,Type=Float,Description="Variant Distance Bias for filtering splice-site artefacts in RNA-seq data.",Version=3>
##INFO=<ID=RPB,Number=1,Type=Float,Description="Mann-Whitney U test of Read Position Bias">
##INFO=<ID=MQB,Number=1,Type=Float,Description="Mann-Whitney U test of Mapping Quality Bias">
##INFO=<ID=BQB,Number=1,Type=Float,Description="Mann-Whitney U test of Base Quality Bias">
##INFO=<ID=SGB,Number=1,Type=Float,Description="Segregation based metric.">
##INFO=<ID=MQ0,Number=1,Type=Integer,Description="Number of reads with zero mapping quality">
##INFO=<ID=I16,Number=16,Type=Float,Description="Auxiliary tag used for calling, see description of bcf_callret1_t in bam2bcf.h">
##INFO=<ID=QS,Number=.,Type=Float,Description="Auxiliary tag used for calling">
##FORMAT=<ID=PL,Number=G,Type=Integer,Description="List of Phred-scaled genotype likelihoods">
##FORMAT=<ID=DP,Number=1,Type=Integer,Description="Number of high-quality bases">
##FORMAT=<ID=DV,Number=1,Type=Integer,Description="Number of high-quality non-reference bases">
##FORMAT=<ID=GT,Number=1,Type=String,Description="Genotype">
##INFO=<ID=ICB,Number=1,Type=Float,Description="Inbreeding Coefficient Binomial test (bigger is better)">
##INFO=<ID=HOB,Number=1,Type=Float,Description="Bias in the number of HOMs number (smaller is better)">
##INFO=<ID=AC,Number=A,Type=Integer,Description="Allele count in genotypes for each ALT allele, in the same order as listed">
##INFO=<ID=AN,Number=1,Type=Integer,Description="Total number of alleles in called genotypes">
##INFO=<ID=DP4,Number=4,Type=Integer,Description="Number of high-quality ref-forward , ref-reverse, alt-forward and alt-reverse bases">
##INFO=<ID=MQ,Number=1,Type=Integer,Description="Average mapping quality">
#CHROM	POS	ID	REF	ALT	QUAL	FILTER	INFO	FORMAT	HG00100	HG00101	HG00102
17	302	.	T	TA	488	.	INDEL;IDV=7;IMF=0;DP=25;VDB=0.27613;SGB=-21.0221;MQ0=0;ICB=0.8;HOB=0.222222;AC=4;AN=6;DP4=2,4,8,11;MQ=49	GT:PL:DP:DV	0/1:167,0,96:11:6	0/1:157,0,9:7:6	1/1:201,21,0:7:7
17	828	.	T	C	410	.	DP=25;VDB=0.842082;SGB=-21.0221;RPB=0.950652;MQB=1;BQB=0.929717;MQ0=0;ICB=0.8;HOB=0.222222;AC=4;AN=6;DP4=2,4,8,11;MQ=60	GT:PL:DP:DV	0/1:211,0,35:12:10	0/1:116,0,91:9:5	1/1:120,12,0:4:4
17	834	.	G	A	365	.	DP=25;VDB=0.788006;SGB=-18.109;RPB=0.999233;MQB=1;BQB=0.821668;MQ0=0;ICB=0.8;HOB=0.222222;AC=4;AN=6;DP4=2,3,7,10;MQ=60	GT:PL:DP:DV	0/1:185,0,46:11:9	0/1:128,0,59:8:5	1/1:89,9,0:3:3
17	1869	.	A	T	136	.	DP=24;VDB=0.928022;SGB=-10.2454;RPB=0.984127;MQB=0.96464;BQB=0.359155;MQ0=0;ICB=0.8;HOB=0.222222;AC=2;AN=6;DP4=6,9,5,4;MQ=58	GT:PL:DP:DV	0/1:115,0,224:18:7	0/0:16,0,104:5:1	0/1:42,3,0:1:1
17	2041	.	G	A	448	.	DP=31;VDB=0.816435;SGB=-20.2845;RPB=0.88473;MQB=0.972375;BQB=0.311275;MQ0=0;ICB=0.8;HOB=0.222222;AC=4;AN=6;DP4=6,5,12,7;MQ=58	GT:PL:DP:DV	0/1:229,0,212:21:11	0/1:32,0,24:2:1	1/1:223,21,0:7:7
17	2220	.	G	A	303	.	DP=21;VDB=0.532753;SGB=-14.4254;RPB=0.964198;MQB=0.898397;BQB=0.0354359;MQ0=0;ICB=0.8;HOB=0.222222;AC=4;AN=6;DP4=6,2,1,11;MQ=58	GT:PL:DP:DV	0/1:139,0,130:12:6	0/1:69,0,46:4:2	1/1:131,12,0:4:4
17	2564	.	A	G	233	.	DP=15;VDB=0.690812;SGB=-11.7544;RPB=0.197899;MQB=1;BQB=0.965069;MQ0=0;ICB=0.8;HOB=0.222222;AC=4;AN=6;DP4=1,4,4,5;MQ=60	GT:PL:DP:DV	0/1:88,0,78:6:3	0/1:57,0,56:4:2	1/1:124,12,0:4:4
17	3104	.	C	T	23.5009	.	DP=25;VDB=0.8;SGB=-21.14;RPB=0.717391;MQB=0.956522;BQB=0.978261;MQ0=0;ICB=0.128205;HOB=0.0555556;AC=1;AN=6;DP4=8,15,2,0;MQ=58	GT:PL:DP:DV	0/0:0,48,255:16:0	0/0:0,12,144:4:0	0/1:59,0,93:5:2
17	3587	.	G	A	358	.	DP=29;VDB=0.902044;SGB=-17.1081;RPB=0.800999;MQB=1;BQB=0.156944;MQ0=0;ICB=0.8;HOB=0.222222;AC=4;AN=6;DP4=4,7,10,6;MQ=60	GT:PL:DP:DV	0/1:161,0,184:14:7	0/1:22,0,118:5:1	1/1:212,24,0:8:8
17	3936	.	A	G	452	.	DP=37;VDB=0.0637187;SGB=-26.7119;RPB=0.684583;MQB=0.796201;BQB=0.566555;MQ0=0;ICB=0.8;HOB=0.222222;AC=4;AN=6;DP4=5,6,6,18;MQ=56	GT:PL:DP:DV	0/1:215,0,204:21:12	0/1:77,0,58:6:4	1/1:196,24,0:8:8
